CountyLevelEnv: Loading all Bishan county parcels...
  52515 swappable parcels, 52515 assigned to townships
  Building cross-township adjacency (52515 parcels)...
  Cross-township parcel adjacencies: 3290 edges
    T01-Bishan: 202 blocks
    T02-Qinggang: 269 blocks
    T03-Hechuan: 112 blocks
    T04-Laifeng: 142 blocks
    T05-Guangpu: 291 blocks
    T06-Daxing: 179 blocks
    T07-Zhengxing: 120 blocks
    T08-Dalukou: 338 blocks
    T09-Hebian: 282 blocks
    T10-Shihe: 297 blocks
    T11-Baxian: 132 blocks
    T12-Jianlong: 78 blocks
    T13-Qinglonghu: 158 blocks
  Total: 2600 blocks, 51089/52515 parcels assigned
  Load times: parcels=13.2s, adjacency=71.3s, blocks=0.1s, total=85.0s
  Budget: 500 swaps, 5/step, 100 steps
  Obs dim: 44212, Action dim: 2600
  Initial avg farmland slope: 9.6157
  Initial contiguity: 3.5852
  Initial baimu fang: 109 patches, 46843.7 ha total
  Block adjacency: median 5 neighbors
  Cross-township block edges: 511
{
  "candidate_score_mode": "blend",
  "candidate_value_weight": 0.1,
  "checkpoint": "D:\\test\\paper10_geojepa_mpc\\experiments\\checkpoints\\e0_rank_seed2028_frontier_independent_value_head_20x50_h3_seed2\\independent_value_head_seed3034.pt",
  "elapsed_sec": 384.8169241999858,
  "env_max_steps": 100,
  "horizon": 5,
  "mask_mode": "executable",
  "model_score_mode": "reward",
  "model_value_weight": 0.5,
  "n_rollouts": 1,
  "prepared_dir": "D:\\test",
  "rollout_steps": 100,
  "scoring": "reward",
  "seed": 0,
  "selector": "value_filter",
  "stable_candidate_order": true,
  "steps": [
    {
      "action": 68,
      "baimu_area_change_ha": 0.0,
      "best_cumrew": 2.4764033784879005,
      "completed_swaps": 5,
      "cont_change": -0.00010171129249636479,
      "first_step_time_sec": 0.2641883000032976,
      "n_base_valid": 2381,
      "n_candidates": 50,
      "n_executable_valid": 2316,
      "n_valid": 2316,
      "reward": 0.32106553999090254,
      "rollout_time_sec": 0.986981599999126,
      "score_time_sec": 0.971684499992989,
      "select_time_sec": 2.632226299960166,
      "slope_change_pct": -0.008381258488003404,
      "step": 1
    },
    {
      "action": 826,
      "baimu_area_change_ha": 0.0,
      "best_cumrew": 2.232528282948421,
      "completed_swaps": 5,
      "cont_change": 0.00025427823124068993,
      "first_step_time_sec": 0.3231694000423886,
      "n_base_valid": 2381,
      "n_candidates": 50,
      "n_executable_valid": 2315,
      "n_valid": 2315,
      "reward": 0.5137439986959692,
      "rollout_time_sec": 0.5609257000032812,
      "score_time_sec": 0.5722607999923639,
      "select_time_sec": 1.9139909999794327,
      "slope_change_pct": -0.019983688496595473,
      "step": 2
    },
    {
      "action": 67,
      "baimu_area_change_ha": 0.0,
      "best_cumrew": 2.448964285372157,
      "completed_swaps": 5,
      "cont_change": 0.0004068451699850151,
      "first_step_time_sec": 0.3947863000212237,
      "n_base_valid": 2381,
      "n_candidates": 50,
      "n_executable_valid": 2314,
      "n_valid": 2314,
      "reward": 0.5541439670692,
      "rollout_time_sec": 0.7839816000196151,
      "score_time_sec": 0.455592600046657,
      "select_time_sec": 1.9122409000410698,
      "slope_change_pct": -0.03330535769097999,
      "step": 3
    },
    {
      "action": 2531,
      "baimu_area_change_ha": 0.0,
      "best_cumrew": 2.2405491593533275,
      "completed_swaps": 5,
      "cont_change": 0.0011188242174586804,
      "first_step_time_sec": 0.275568499986548,
      "n_base_valid": 2381,
      "n_candidates": 50,
      "n_executable_valid": 2313,
      "n_valid": 2313,
      "reward": 0.4732659903539025,
      "rollout_time_sec": 0.6976353999925777,
      "score_time_sec": 0.6431658999645151,
      "select_time_sec": 1.748102799989283,
      "slope_change_pct": -0.04265466753221478,
      "step": 4
    },
    {
      "action": 2324,
      "baimu_area_change_ha": 6.360890622127056,
      "best_cumrew": 2.49779918162839,
      "completed_swaps": 5,
      "cont_change": 0.0010171129249623156,
      "first_step_time_sec": 0.3136701000039466,
      "n_base_valid": 2381,
      "n_candidates": 50,
      "n_executable_valid": 2313,
      "n_valid": 2313,
      "reward": 5.430379194341526,
      "rollout_time_sec": 0.9835492999991402,
      "score_time_sec": 0.5162057999987155,
      "select_time_sec": 2.1416460999753326,
      "slope_change_pct": -0.048819688340700156,
      "step": 5
    },
    {
      "action": 1006,
      "baimu_area_change_ha": 6.360890622127056,
      "best_cumrew": 2.3214949973083145,
      "completed_swaps": 5,
      "cont_change": 0.0013731024486993704,
      "first_step_time_sec": 0.3288956999895163,
      "n_base_valid": 2381,
      "n_candidates": 50,
      "n_executable_valid": 2313,
      "n_valid": 2313,
      "reward": 1.0357690546122462,
      "rollout_time_sec": 0.836338400025852,
      "score_time_sec": 0.7264366000308655,
      "select_time_sec": 2.2583888999652117,
      "slope_change_pct": -0.07347274474719914,
      "step": 6
    },
    {
      "action": 1146,
      "baimu_area_change_ha": 6.360890622127056,
      "best_cumrew": 2.1930108331042115,
      "completed_swaps": 5,
      "cont_change": 0.0011188242174586804,
      "first_step_time_sec": 0.08997920004185289,
      "n_base_valid": 2381,
      "n_candidates": 50,
      "n_executable_valid": 2313,
      "n_valid": 2313,
      "reward": 1.8820879990228598,
      "rollout_time_sec": 1.0977869000053033,
      "score_time_sec": 0.6282125000143424,
      "select_time_sec": 2.272058400034439,
      "slope_change_pct": -0.12141149469334697,
      "step": 7
    },
    {
      "action": 84,
      "baimu_area_change_ha": 6.360890622127056,
      "best_cumrew": 2.3622190617869596,
      "completed_swaps": 5,
      "cont_change": 0.0018308032649323458,
      "first_step_time_sec": 0.11575300002004951,
      "n_base_valid": 2381,
      "n_candidates": 50,
      "n_executable_valid": 2313,
      "n_valid": 2313,
      "reward": 0.3123844988427712,
      "rollout_time_sec": 0.9083782999659888,
      "score_time_sec": 0.5890914999763481,
      "select_time_sec": 1.8755557000404224,
      "slope_change_pct": -0.12673876724680347,
      "step": 8
    },
    {
      "action": 2540,
      "baimu_area_change_ha": 6.360890622127056,
      "best_cumrew": 2.089083156640544,
      "completed_swaps": 3,
      "cont_change": 0.0021867927886694005,
      "first_step_time_sec": 0.2154057999723591,
      "n_base_valid": 2381,
      "n_candidates": 50,
      "n_executable_valid": 2313,
      "n_valid": 2313,
      "reward": 0.463591657349555,
      "rollout_time_sec": 3.6255646999925375,
      "score_time_sec": 0.4540322000393644,
      "select_time_sec": 4.66623490001075,
      "slope_change_pct": -0.13708738872173518,
      "step": 9
    },
    {
      "action": 610,
      "baimu_area_change_ha": -18.724051672065258,
      "best_cumrew": 2.3642794780159466,
      "completed_swaps": 4,
      "cont_change": 0.002237648434917361,
      "first_step_time_sec": 1.038802900002338,
      "n_base_valid": 2381,
      "n_candidates": 50,
      "n_executable_valid": 2312,
      "n_valid": 2312,
      "reward": 5.660802229064733,
      "rollout_time_sec": 1.6833256999962032,
      "score_time_sec": 2.202225199958775,
      "select_time_sec": 6.105822800018359,
      "slope_change_pct": -0.19897048334658674,
      "step": 10
    },
    {
      "action": 480,
      "baimu_area_change_ha": -18.724051672065258,
      "best_cumrew": 2.529196715054237,
      "completed_swaps": 5,
      "cont_change": 0.002135937142420996,
      "first_step_time_sec": 0.14411489997291937,
      "n_base_valid": 2381,
      "n_candidates": 50,
      "n_executable_valid": 2311,
      "n_valid": 2311,
      "reward": 0.5160408000707823,
      "rollout_time_sec": 1.5730304999742657,
      "score_time_sec": 0.8098696999950334,
      "select_time_sec": 2.967499999969732,
      "slope_change_pct": -0.21222612333658714,
      "step": 11
    },
    {
      "action": 1006,
      "baimu_area_change_ha": -18.724051672065258,
      "best_cumrew": 2.3869876971113646,
      "completed_swaps": 3,
      "cont_change": 0.0020342258499246313,
      "first_step_time_sec": 0.40678180003305897,
      "n_base_valid": 2381,
      "n_candidates": 50,
      "n_executable_valid": 2310,
      "n_valid": 2310,
      "reward": -0.653253096302044,
      "rollout_time_sec": 0.595959700003732,
      "score_time_sec": 0.542736099974718,
      "select_time_sec": 1.7240378000424244,
      "slope_change_pct": -0.19624941591726688,
      "step": 12
    },
    {
      "action": 2346,
      "baimu_area_change_ha": -18.724051672065258,
      "best_cumrew": 2.621118602721423,
      "completed_swaps": 5,
      "cont_change": 0.0025936379586544156,
      "first_step_time_sec": 0.28324409999186173,
      "n_base_valid": 2381,
      "n_candidates": 50,
      "n_executable_valid": 2309,
      "n_valid": 2309,
      "reward": 0.43093854855447966,
      "rollout_time_sec": 1.0037836999981664,
      "score_time_sec": 0.7300173999974504,
      "select_time_sec": 2.3060564000043087,
      "slope_change_pct": -0.20507246969586002,
      "step": 13
    },
    {
      "action": 626,
      "baimu_area_change_ha": -18.724051672065258,
      "best_cumrew": 2.31171500053917,
      "completed_swaps": 4,
      "cont_change": 0.002390215373661686,
      "first_step_time_sec": 0.3773542999988422,
      "n_base_valid": 2381,
      "n_candidates": 50,
      "n_executable_valid": 2309,
      "n_valid": 2309,
      "reward": 0.33673167649937313,
      "rollout_time_sec": 0.998817500018049,
      "score_time_sec": 1.0843915000441484,
      "select_time_sec": 3.092657600005623,
      "slope_change_pct": -0.21420000158480604,
      "step": 14
    },
    {
      "action": 859,
      "baimu_area_change_ha": -16.43412793934345,
      "best_cumrew": 2.2579707878536466,
      "completed_swaps": 5,
      "cont_change": 0.0027462048973987407,
      "first_step_time_sec": 0.2683307000552304,
      "n_base_valid": 2380,
      "n_candidates": 50,
      "n_executable_valid": 2308,
      "n_valid": 2308,
      "reward": 5.384028778804855,
      "rollout_time_sec": 0.5203844000352547,
      "score_time_sec": 0.5876295000198297,
      "select_time_sec": 1.7758131999871694,
      "slope_change_pct": -0.2207778802235763,
      "step": 15
    },
    {
      "action": 590,
      "baimu_area_change_ha": -16.43412793934345,
      "best_cumrew": 2.229928087032537,
      "completed_swaps": 5,
      "cont_change": 0.003051338774887391,
      "first_step_time_sec": 0.36080619995482266,
      "n_base_valid": 2380,
      "n_candidates": 50,
      "n_executable_valid": 2308,
      "n_valid": 2308,
      "reward": 0.3702514771422472,
      "rollout_time_sec": 1.0465828000451438,
      "score_time_sec": 0.5510543999844231,
      "select_time_sec": 2.1559040999854915,
      "slope_change_pct": -0.22897030718744152,
      "step": 16
    },
    {
      "action": 2195,
      "baimu_area_change_ha": -16.43412793934345,
      "best_cumrew": 2.1772792548324045,
      "completed_swaps": 5,
      "cont_change": 0.0033564726523760413,
      "first_step_time_sec": 0.2056451999815181,
      "n_base_valid": 2380,
      "n_candidates": 50,
      "n_executable_valid": 2308,
      "n_valid": 2308,
      "reward": 0.48210603540285946,
      "rollout_time_sec": 1.0717673000181094,
      "score_time_sec": 0.557440200005658,
      "select_time_sec": 2.182936700002756,
      "slope_change_pct": -0.23995909810782204,
      "step": 17
    },
    {
      "action": 11,
      "baimu_area_change_ha": -16.43412793934345,
      "best_cumrew": 2.7526230145728943,
      "completed_swaps": 5,
      "cont_change": 0.0031021944211353514,
      "first_step_time_sec": 1.2535128999734297,
      "n_base_valid": 2380,
      "n_candidates": 50,
      "n_executable_valid": 2308,
      "n_valid": 2308,
      "reward": 0.5544050406787968,
      "rollout_time_sec": 2.7398473999928683,
      "score_time_sec": 2.514290599967353,
      "select_time_sec": 8.03177699999651,
      "slope_change_pct": -0.25470577409536826,
      "step": 18
    },
    {
      "action": 2300,
      "baimu_area_change_ha": -16.43412793934345,
      "best_cumrew": 2.5474730724155354,
      "completed_swaps": 5,
      "cont_change": 0.0027462048973987407,
      "first_step_time_sec": 0.5139251999789849,
      "n_base_valid": 2380,
      "n_candidates": 50,
      "n_executable_valid": 2307,
      "n_valid": 2307,
      "reward": 1.2959812457359494,
      "rollout_time_sec": 2.3245047999662347,
      "score_time_sec": 2.1404667999595404,
      "select_time_sec": 5.89307310001459,
      "slope_change_pct": -0.2883464751975726,
      "step": 19
    },
    {
      "action": 580,
      "baimu_area_change_ha": -41.07874430842399,
      "best_cumrew": 2.4457369138543426,
      "completed_swaps": 4,
      "cont_change": 0.002542782312406011,
      "first_step_time_sec": 0.02340930001810193,
      "n_base_valid": 2380,
      "n_candidates": 50,
      "n_executable_valid": 2306,
      "n_valid": 2306,
      "reward": -1.4722716592586864,
      "rollout_time_sec": 1.1864743000478484,
      "score_time_sec": 0.8294311999925412,
      "select_time_sec": 2.2546994000440463,
      "slope_change_pct": -0.2969898848079466,
      "step": 20
    },
    {
      "action": 1419,
      "baimu_area_change_ha": -41.07874430842399,
      "best_cumrew": 1.9609537582110477,
      "completed_swaps": 3,
      "cont_change": 0.0020342258499246313,
      "first_step_time_sec": 0.11014259996591136,
      "n_base_valid": 2380,
      "n_candidates": 50,
      "n_executable_valid": 2305,
      "n_valid": 2305,
      "reward": 0.504647771724272,
      "rollout_time_sec": 0.8607512000016868,
      "score_time_sec": 0.5236671000020579,
      "select_time_sec": 1.8511617999756709,
      "slope_change_pct": -0.311379179042206,
      "step": 21
    },
    {
      "action": 2171,
      "baimu_area_change_ha": -41.07874430842399,
      "best_cumrew": 2.354513140906956,
      "completed_swaps": 5,
      "cont_change": 0.002644493604902376,
      "first_step_time_sec": 0.11357370001496747,
      "n_base_valid": 2380,
      "n_candidates": 50,
      "n_executable_valid": 2304,
      "n_valid": 2304,
      "reward": 0.2526773016148999,
      "rollout_time_sec": 1.0372633999795653,
      "score_time_sec": 0.6010954999946989,
      "select_time_sec": 2.015247699979227,
      "slope_change_pct": -0.31556839165319506,
      "step": 22
    },
    {
      "action": 990,
      "baimu_area_change_ha": -41.07874430842399,
      "best_cumrew": 2.175116665223997,
      "completed_swaps": 5,
      "cont_change": 0.003305617006128081,
      "first_step_time_sec": 0.11414239997975528,
      "n_base_valid": 2380,
      "n_candidates": 50,
      "n_executable_valid": 2304,
      "n_valid": 2304,
      "reward": 0.38047957591726417,
      "rollout_time_sec": 0.8750797000247985,
      "score_time_sec": 0.7298035999992862,
      "select_time_sec": 1.9467465999769047,
      "slope_change_pct": -0.32277535112762856,
      "step": 23
    },
    {
      "action": 75,
      "baimu_area_change_ha": -41.07874430842399,
      "best_cumrew": 2.663975926227271,
      "completed_swaps": 5,
      "cont_change": 0.003051338774887391,
      "first_step_time_sec": 0.24960829998599365,
      "n_base_valid": 2380,
      "n_candidates": 50,
      "n_executable_valid": 2304,
      "n_valid": 2304,
      "reward": 0.9194795266076163,
      "rollout_time_sec": 0.8702040999778546,
      "score_time_sec": 0.5295788000221364,
      "select_time_sec": 1.9273226999794133,
      "slope_change_pct": -0.34664888926339527,
      "step": 24
    },
    {
      "action": 959,
      "baimu_area_change_ha": -44.86465208460093,
      "best_cumrew": 2.358237569494522,
      "completed_swaps": 5,
      "cont_change": 0.003305617006128081,
      "first_step_time_sec": 0.1933504000189714,
      "n_base_valid": 2380,
      "n_candidates": 50,
      "n_executable_valid": 2304,
      "n_valid": 2304,
      "reward": 10.158431092661209,
      "rollout_time_sec": 0.82563559996197,
      "score_time_sec": 0.532013799995184,
      "select_time_sec": 1.8771579000167549,
      "slope_change_pct": -0.3565962263410493,
      "step": 25
    },
    {
      "action": 1189,
      "baimu_area_change_ha": -44.86465208460093,
      "best_cumrew": 2.007425147388566,
      "completed_swaps": 2,
      "cont_change": 0.003153050067383756,
      "first_step_time_sec": 0.36619879998033866,
      "n_base_valid": 2380,
      "n_candidates": 50,
      "n_executable_valid": 2304,
      "n_valid": 2304,
      "reward": 0.30169373815020517,
      "rollout_time_sec": 0.9414497999823652,
      "score_time_sec": 0.5162718999781646,
      "select_time_sec": 2.06610619998537,
      "slope_change_pct": -0.36467049977714994,
      "step": 26
    },
    {
      "action": 2493,
      "baimu_area_change_ha": -44.86465208460093,
      "best_cumrew": 2.196836530557449,
      "completed_swaps": 2,
      "cont_change": 0.003712462176113096,
      "first_step_time_sec": 0.2707887999713421,
      "n_base_valid": 2380,
      "n_candidates": 50,
      "n_executable_valid": 2303,
      "n_valid": 2303,
      "reward": 0.2410309332979741,
      "rollout_time_sec": 0.39060039998730645,
      "score_time_sec": 0.6115193000296131,
      "select_time_sec": 1.7353270999738015,
      "slope_change_pct": -0.368745863174332,
      "step": 27
    },
    {
      "action": 702,
      "baimu_area_change_ha": -44.86465208460093,
      "best_cumrew": 2.263060558750052,
      "completed_swaps": 3,
      "cont_change": 0.004068451699849707,
      "first_step_time_sec": 0.3660996000398882,
      "n_base_valid": 2380,
      "n_candidates": 50,
      "n_executable_valid": 2302,
      "n_valid": 2302,
      "reward": 0.8260254029731322,
      "rollout_time_sec": 0.8734821999678388,
      "score_time_sec": 0.844429399992805,
      "select_time_sec": 2.2855935000116006,
      "slope_change_pct": -0.3881553282898547,
      "step": 28
    },
    {
      "action": 2379,
      "baimu_area_change_ha": -44.86465208460093,
      "best_cumrew": 2.0780187763103233,
      "completed_swaps": 5,
      "cont_change": 0.004526152516083126,
      "first_step_time_sec": 1.6472213999950327,
      "n_base_valid": 2380,
      "n_candidates": 50,
      "n_executable_valid": 2301,
      "n_valid": 2301,
      "reward": 1.1807529522767881,
      "rollout_time_sec": 5.167929099989124,
      "score_time_sec": 1.3864174999762326,
      "select_time_sec": 10.10205790004693,
      "slope_change_pct": -0.4160783621497364,
      "step": 29
    },
    {
      "action": 561,
      "baimu_area_change_ha": -62.58616258966923,
      "best_cumrew": 2.316056712173922,
      "completed_swaps": 5,
      "cont_change": 0.004017596053601746,
      "first_step_time_sec": 0.7499737000325695,
      "n_base_valid": 2380,
      "n_candidates": 50,
      "n_executable_valid": 2301,
      "n_valid": 2301,
      "reward": 1.4571450024809125,
      "rollout_time_sec": 3.372020100010559,
      "score_time_sec": 1.5314074999769218,
      "select_time_sec": 6.775257900008,
      "slope_change_pct": -0.48645252597439026,
      "step": 30
    },
    {
      "action": 1050,
      "baimu_area_change_ha": -62.58616258966923,
      "best_cumrew": 2.497153985523258,
      "completed_swaps": 5,
      "cont_change": 0.003712462176113096,
      "first_step_time_sec": 0.40960050001740456,
      "n_base_valid": 2380,
      "n_candidates": 50,
      "n_executable_valid": 2300,
      "n_valid": 2300,
      "reward": 0.5462720091392992,
      "rollout_time_sec": 0.9165596000384539,
      "score_time_sec": 0.9091473000007682,
      "select_time_sec": 2.3639007000019774,
      "slope_change_pct": -0.5011731861675637,
      "step": 31
    },
    {
      "action": 1900,
      "baimu_area_change_ha": -62.58616258966923,
      "best_cumrew": 2.29320618404122,
      "completed_swaps": 5,
      "cont_change": 0.004526152516083126,
      "first_step_time_sec": 0.2513620000099763,
      "n_base_valid": 2380,
      "n_candidates": 50,
      "n_executable_valid": 2299,
      "n_valid": 2299,
      "reward": 0.21456545038393082,
      "rollout_time_sec": 1.201133300026413,
      "score_time_sec": 0.5329640000127256,
      "select_time_sec": 2.23831699998118,
      "slope_change_pct": -0.5037003625213183,
      "step": 32
    },
    {
      "action": 1149,
      "baimu_area_change_ha": -62.58616258966923,
      "best_cumrew": 2.2991960462497985,
      "completed_swaps": 5,
      "cont_change": 0.004932997686068141,
      "first_step_time_sec": 0.3792008999735117,
      "n_base_valid": 2380,
      "n_candidates": 50,
      "n_executable_valid": 2299,
      "n_valid": 2299,
      "reward": 0.14325175366660123,
      "rollout_time_sec": 0.8900185000384226,
      "score_time_sec": 0.4928951999754645,
      "select_time_sec": 1.9979733999934979,
      "slope_change_pct": -0.5058631764100616,
      "step": 33
    },
    {
      "action": 544,
      "baimu_area_change_ha": -62.58616258966923,
      "best_cumrew": 2.1014193409558652,
      "completed_swaps": 2,
      "cont_change": 0.004424441223586761,
      "first_step_time_sec": 0.390960399992764,
      "n_base_valid": 2380,
      "n_candidates": 50,
      "n_executable_valid": 2299,
      "n_valid": 2299,
      "reward": 1.6250717513117852,
      "rollout_time_sec": 0.15450260002398863,
      "score_time_sec": 0.6885309999925084,
      "select_time_sec": 1.7595609999843873,
      "slope_change_pct": -0.5482630701340089,
      "step": 34
    },
    {
      "action": 548,
      "baimu_area_change_ha": -77.65384167553187,
      "best_cumrew": 2.133510937909523,
      "completed_swaps": 5,
      "cont_change": 0.004983853332316102,
      "first_step_time_sec": 0.054654100036714226,
      "n_base_valid": 2380,
      "n_candidates": 50,
      "n_executable_valid": 2298,
      "n_valid": 2298,
      "reward": -0.8943497337390738,
      "rollout_time_sec": 1.0586895000305958,
      "score_time_sec": 1.0074124000384472,
      "select_time_sec": 2.3767321999766864,
      "slope_change_pct": -0.551308469021286,
      "step": 35
    },
    {
      "action": 925,
      "baimu_area_change_ha": -77.65384167553187,
      "best_cumrew": 2.175312896954475,
      "completed_swaps": 3,
      "cont_change": 0.004932997686068141,
      "first_step_time_sec": 0.269680600031279,
      "n_base_valid": 2380,
      "n_candidates": 50,
      "n_executable_valid": 2298,
      "n_valid": 2298,
      "reward": 1.0179764291536608,
      "rollout_time_sec": 1.4861880000098608,
      "score_time_sec": 0.4888288000365719,
      "select_time_sec": 2.488748800009489,
      "slope_change_pct": -0.5769351897442422,
      "step": 36
    },
    {
      "action": 2200,
      "baimu_area_change_ha": -77.65384167553187,
      "best_cumrew": 2.0632560783600784,
      "completed_swaps": 5,
      "cont_change": 0.005695832379789767,
      "first_step_time_sec": 0.2575141999986954,
      "n_base_valid": 2380,
      "n_candidates": 50,
      "n_executable_valid": 2297,
      "n_valid": 2297,
      "reward": 1.1758308435186628,
      "rollout_time_sec": 0.5332659999839962,
      "score_time_sec": 0.38591660000383854,
      "select_time_sec": 1.5620076000341214,
      "slope_change_pct": -0.6036713109204814,
      "step": 37
    },
    {
      "action": 1422,
      "baimu_area_change_ha": -77.65384167553187,
      "best_cumrew": 2.019124423751185,
      "completed_swaps": 3,
      "cont_change": 0.005644976733541807,
      "first_step_time_sec": 0.4284688000334427,
      "n_base_valid": 2380,
      "n_candidates": 50,
      "n_executable_valid": 2296,
      "n_valid": 2296,
      "reward": 2.2596660951507883,
      "rollout_time_sec": 1.2457348000025377,
      "score_time_sec": 0.7682567000156268,
      "select_time_sec": 2.880274399998598,
      "slope_change_pct": -0.6603402732933658,
      "step": 38
    },
    {
      "action": 1287,
      "baimu_area_change_ha": -77.65384167553187,
      "best_cumrew": 2.842135547913097,
      "completed_swaps": 5,
      "cont_change": 0.005848399318534092,
      "first_step_time_sec": 1.2181660000351258,
      "n_base_valid": 2379,
      "n_candidates": 50,
      "n_executable_valid": 2295,
      "n_valid": 2295,
      "reward": 0.32577137790573235,
      "rollout_time_sec": 2.650436699972488,
      "score_time_sec": 2.761484999966342,
      "select_time_sec": 7.952397999993991,
      "slope_change_pct": -0.6677753177645489,
      "step": 39
    },
    {
      "action": 2197,
      "baimu_area_change_ha": -126.91475442016721,
      "best_cumrew": 2.276075139254594,
      "completed_swaps": 5,
      "cont_change": 0.006051821903526822,
      "first_step_time_sec": 0.5784286000416614,
      "n_base_valid": 2379,
      "n_candidates": 50,
      "n_executable_valid": 2294,
      "n_valid": 2294,
      "reward": -3.0782339627898367,
      "rollout_time_sec": 1.1234437999664806,
      "score_time_sec": 2.174797000014223,
      "select_time_sec": 4.658980599953793,
      "slope_change_pct": -0.6795407375405834,
      "step": 40
    },
    {
      "action": 105,
      "baimu_area_change_ha": -126.91475442016721,
      "best_cumrew": 2.281798832345487,
      "completed_swaps": 2,
      "cont_change": 0.006102677549774782,
      "first_step_time_sec": 0.22940599999856204,
      "n_base_valid": 2379,
      "n_candidates": 50,
      "n_executable_valid": 2293,
      "n_valid": 2293,
      "reward": 0.3412043616249613,
      "rollout_time_sec": 0.9644067999906838,
      "score_time_sec": 0.7092948000063188,
      "select_time_sec": 2.25923970004078,
      "slope_change_pct": -0.6878935365870928,
      "step": 41
    },
    {
      "action": 796,
      "baimu_area_change_ha": -126.91475442016721,
      "best_cumrew": 2.0621492196830316,
      "completed_swaps": 3,
      "cont_change": 0.006051821903526822,
      "first_step_time_sec": 0.06606550002470613,
      "n_base_valid": 2378,
      "n_candidates": 50,
      "n_executable_valid": 2292,
      "n_valid": 2292,
      "reward": 0.2484192860853756,
      "rollout_time_sec": 0.40563450002809986,
      "score_time_sec": 0.7982067000120878,
      "select_time_sec": 1.777016600011848,
      "slope_change_pct": -0.6942813287333419,
      "step": 42
    },
    {
      "action": 1770,
      "baimu_area_change_ha": -126.91475442016721,
      "best_cumrew": 2.1393606832195107,
      "completed_swaps": 5,
      "cont_change": 0.006407811427263432,
      "first_step_time_sec": 0.2697991000022739,
      "n_base_valid": 2378,
      "n_candidates": 50,
      "n_executable_valid": 2291,
      "n_valid": 2291,
      "reward": 0.2687841148173973,
      "rollout_time_sec": 1.152125199965667,
      "score_time_sec": 0.6640420000185259,
      "select_time_sec": 2.6010391999734566,
      "slope_change_pct": -0.6997597616449712,
      "step": 43
    },
    {
      "action": 181,
      "baimu_area_change_ha": -126.91475442016721,
      "best_cumrew": 1.9002165741634591,
      "completed_swaps": 5,
      "cont_change": 0.007018079182241177,
      "first_step_time_sec": 0.13397749996511266,
      "n_base_valid": 2378,
      "n_candidates": 50,
      "n_executable_valid": 2291,
      "n_valid": 2291,
      "reward": 0.7277551617924486,
      "rollout_time_sec": 1.0605122999986634,
      "score_time_sec": 0.5435080999741331,
      "select_time_sec": 2.0549605999840423,
      "slope_change_pct": -0.715825920760399,
      "step": 44
    },
    {
      "action": 2204,
      "baimu_area_change_ha": -141.52286070008873,
      "best_cumrew": 2.1802020356689833,
      "completed_swaps": 5,
      "cont_change": 0.006916367889744812,
      "first_step_time_sec": 0.30193870002403855,
      "n_base_valid": 2378,
      "n_candidates": 50,
      "n_executable_valid": 2290,
      "n_valid": 2290,
      "reward": -0.07989942076581125,
      "rollout_time_sec": 0.977239899977576,
      "score_time_sec": 0.4498096000170335,
      "select_time_sec": 2.1921836000401527,
      "slope_change_pct": -0.740703277952825,
      "step": 45
    },
    {
      "action": 1132,
      "baimu_area_change_ha": -141.52286070008873,
      "best_cumrew": 2.111553859649711,
      "completed_swaps": 5,
      "cont_change": 0.007374068705977788,
      "first_step_time_sec": 0.20275440003024414,
      "n_base_valid": 2378,
      "n_candidates": 50,
      "n_executable_valid": 2289,
      "n_valid": 2289,
      "reward": 0.537919640671788,
      "rollout_time_sec": 0.8733712999965064,
      "score_time_sec": 0.9489645999856293,
      "select_time_sec": 2.1873389999964274,
      "slope_change_pct": -0.7525554790225832,
      "step": 46
    },
    {
      "action": 2413,
      "baimu_area_change_ha": -141.52286070008873,
      "best_cumrew": 2.2211698394966457,
      "completed_swaps": 3,
      "cont_change": 0.007882625168459167,
      "first_step_time_sec": 0.22193420003168285,
      "n_base_valid": 2378,
      "n_candidates": 50,
      "n_executable_valid": 2289,
      "n_valid": 2289,
      "reward": 0.5146881664725429,
      "rollout_time_sec": 1.4655685999896377,
      "score_time_sec": 0.6508326000184752,
      "select_time_sec": 2.751292100001592,
      "slope_change_pct": -0.7636495832432442,
      "step": 47
    },
    {
      "action": 1789,
      "baimu_area_change_ha": -141.52286070008873,
      "best_cumrew": 2.2258581728866575,
      "completed_swaps": 3,
      "cont_change": 0.008086047753451453,
      "first_step_time_sec": 0.951729400025215,
      "n_base_valid": 2378,
      "n_candidates": 50,
      "n_executable_valid": 2288,
      "n_valid": 2288,
      "reward": 0.3101881100102756,
      "rollout_time_sec": 3.9403565999818966,
      "score_time_sec": 2.281855400011409,
      "select_time_sec": 9.381135199975688,
      "slope_change_pct": -0.770695046017041,
      "step": 48
    },
    {
      "action": 1289,
      "baimu_area_change_ha": -141.52286070008873,
      "best_cumrew": 2.1292589775937065,
      "completed_swaps": 5,
      "cont_change": 0.008289470338444183,
      "first_step_time_sec": 0.2887918999767862,
      "n_base_valid": 2378,
      "n_candidates": 50,
      "n_executable_valid": 2287,
      "n_valid": 2287,
      "reward": 0.5990931457483349,
      "rollout_time_sec": 1.8821580999647267,
      "score_time_sec": 1.7613280999939889,
      "select_time_sec": 4.805841099994723,
      "slope_change_pct": -0.7849631346842877,
      "step": 49
    },
    {
      "action": 2580,
      "baimu_area_change_ha": -148.53765219729542,
      "best_cumrew": 2.0959612378669004,
      "completed_swaps": 3,
      "cont_change": 0.008594604215932833,
      "first_step_time_sec": 0.25306220003403723,
      "n_base_valid": 2378,
      "n_candidates": 50,
      "n_executable_valid": 2287,
      "n_valid": 2287,
      "reward": 0.07624453401352255,
      "rollout_time_sec": 0.9739235999877565,
      "score_time_sec": 0.6627855999977328,
      "select_time_sec": 2.305416300019715,
      "slope_change_pct": -0.7985403606460458,
      "step": 50
    },
    {
      "action": 18,
      "baimu_area_change_ha": -148.53765219729542,
      "best_cumrew": 2.1639668249589588,
      "completed_swaps": 3,
      "cont_change": 0.008798026800925562,
      "first_step_time_sec": 0.20071950001874939,
      "n_base_valid": 2378,
      "n_candidates": 50,
      "n_executable_valid": 2286,
      "n_valid": 2286,
      "reward": 0.16155753125533437,
      "rollout_time_sec": 1.1270636999979615,
      "score_time_sec": 0.46496739995200187,
      "select_time_sec": 2.196265200036578,
      "slope_change_pct": -0.8018700589509675,
      "step": 51
    },
    {
      "action": 1516,
      "baimu_area_change_ha": -148.53765219729542,
      "best_cumrew": 2.341783169657291,
      "completed_swaps": 5,
      "cont_change": 0.009052305032166252,
      "first_step_time_sec": 0.04853740002727136,
      "n_base_valid": 2378,
      "n_candidates": 50,
      "n_executable_valid": 2285,
      "n_valid": 2285,
      "reward": 0.3699649290257996,
      "rollout_time_sec": 0.8494234000099823,
      "score_time_sec": 0.7158224000013433,
      "select_time_sec": 1.844759100000374,
      "slope_change_pct": -0.8102326322060361,
      "step": 52
    },
    {
      "action": 990,
      "baimu_area_change_ha": -148.53765219729542,
      "best_cumrew": 2.184043879842061,
      "completed_swaps": 5,
      "cont_change": 0.009052305032166252,
      "first_step_time_sec": 0.41864700004225597,
      "n_base_valid": 2378,
      "n_candidates": 50,
      "n_executable_valid": 2285,
      "n_valid": 2285,
      "reward": 0.11217490972715324,
      "rollout_time_sec": 1.1419651999603957,
      "score_time_sec": 0.7379810000420548,
      "select_time_sec": 2.4506433000206016,
      "slope_change_pct": -0.8130370049492149,
      "step": 53
    },
    {
      "action": 73,
      "baimu_area_change_ha": -148.53765219729542,
      "best_cumrew": 2.2400930878070744,
      "completed_swaps": 5,
      "cont_change": 0.009052305032166252,
      "first_step_time_sec": 0.15754550002748147,
      "n_base_valid": 2378,
      "n_candidates": 50,
      "n_executable_valid": 2285,
      "n_valid": 2285,
      "reward": 0.8861315351670024,
      "rollout_time_sec": 1.4022868999745697,
      "score_time_sec": 0.5612092000083067,
      "select_time_sec": 2.353738500038162,
      "slope_change_pct": -0.83519029332839,
      "step": 54
    },
    {
      "action": 374,
      "baimu_area_change_ha": -157.9609680682242,
      "best_cumrew": 2.2985966699604736,
      "completed_swaps": 5,
      "cont_change": 0.009611717140895593,
      "first_step_time_sec": 0.22513370000524446,
      "n_base_valid": 2378,
      "n_candidates": 50,
      "n_executable_valid": 2284,
      "n_valid": 2284,
      "reward": -0.46772197579223357,
      "rollout_time_sec": 0.8547391999745741,
      "score_time_sec": 0.6447567999712192,
      "select_time_sec": 1.9618183999555185,
      "slope_change_pct": -0.8386543516259038,
      "step": 55
    },
    {
      "action": 2198,
      "baimu_area_change_ha": -157.9609680682242,
      "best_cumrew": 2.1889234688373755,
      "completed_swaps": 4,
      "cont_change": 0.010527118773361543,
      "first_step_time_sec": 0.27640299999620765,
      "n_base_valid": 2378,
      "n_candidates": 50,
      "n_executable_valid": 2284,
      "n_valid": 2284,
      "reward": 0.5691560705367273,
      "rollout_time_sec": 1.1583971999934874,
      "score_time_sec": 0.7717395000508986,
      "select_time_sec": 2.3765476000262424,
      "slope_change_pct": -0.8496916734952491,
      "step": 56
    },
    {
      "action": 1950,
      "baimu_area_change_ha": -157.9609680682242,
      "best_cumrew": 2.16108681501869,
      "completed_swaps": 5,
      "cont_change": 0.011137386528339288,
      "first_step_time_sec": 1.161951499991119,
      "n_base_valid": 2378,
      "n_candidates": 50,
      "n_executable_valid": 2283,
      "n_valid": 2283,
      "reward": 0.4232652416622408,
      "rollout_time_sec": 3.135921699984465,
      "score_time_sec": 3.9585019999649376,
      "select_time_sec": 8.731575999991037,
      "slope_change_pct": -0.8581455846074216,
      "step": 57
    },
    {
      "action": 674,
      "baimu_area_change_ha": -157.9609680682242,
      "best_cumrew": 2.2116251410231333,
      "completed_swaps": 5,
      "cont_change": 0.011086530882090884,
      "first_step_time_sec": 0.25053409999236465,
      "n_base_valid": 2378,
      "n_candidates": 50,
      "n_executable_valid": 2283,
      "n_valid": 2283,
      "reward": 1.2165125629297582,
      "rollout_time_sec": 1.3340202000108548,
      "score_time_sec": 1.3684866999974474,
      "select_time_sec": 3.9173394000390545,
      "slope_change_pct": -0.8887357086747818,
      "step": 58
    },
    {
      "action": 2563,
      "baimu_area_change_ha": -157.9609680682242,
      "best_cumrew": 1.8659614569600513,
      "completed_swaps": 5,
      "cont_change": 0.010933963943346559,
      "first_step_time_sec": 0.3170516000245698,
      "n_base_valid": 2378,
      "n_candidates": 50,
      "n_executable_valid": 2283,
      "n_valid": 2283,
      "reward": 0.8329410442960135,
      "rollout_time_sec": 0.950554299983196,
      "score_time_sec": 0.4609528000000864,
      "select_time_sec": 2.2364686999935657,
      "slope_change_pct": -0.9100911647645276,
      "step": 59
    },
    {
      "action": 549,
      "baimu_area_change_ha": -166.7157920306742,
      "best_cumrew": 2.0564418875169936,
      "completed_swaps": 5,
      "cont_change": 0.011035675235842923,
      "first_step_time_sec": 0.24557710002409294,
      "n_base_valid": 2378,
      "n_candidates": 50,
      "n_executable_valid": 2283,
      "n_valid": 2283,
      "reward": -0.1672244926870584,
      "rollout_time_sec": 0.8546411000424996,
      "score_time_sec": 0.4884740000125021,
      "select_time_sec": 1.8374911999562755,
      "slope_change_pct": -0.9214498393720881,
      "step": 60
    },
    {
      "action": 1329,
      "baimu_area_change_ha": -166.7157920306742,
      "best_cumrew": 2.059188333977886,
      "completed_swaps": 3,
      "cont_change": 0.011137386528339288,
      "first_step_time_sec": 0.42589309997856617,
      "n_base_valid": 2378,
      "n_candidates": 50,
      "n_executable_valid": 2283,
      "n_valid": 2283,
      "reward": 0.2528584207895128,
      "rollout_time_sec": 0.8537257999996655,
      "score_time_sec": 0.4874961000168696,
      "select_time_sec": 1.9212956000119448,
      "slope_change_pct": -0.9274166799035951,
      "step": 61
    },
    {
      "action": 843,
      "baimu_area_change_ha": -166.7157920306742,
      "best_cumrew": 2.297718177768288,
      "completed_swaps": 5,
      "cont_change": 0.011951076868309318,
      "first_step_time_sec": 0.5288251000456512,
      "n_base_valid": 2378,
      "n_candidates": 50,
      "n_executable_valid": 2282,
      "n_valid": 2282,
      "reward": 0.7146489474015832,
      "rollout_time_sec": 1.253612099972088,
      "score_time_sec": 0.7440688000060618,
      "select_time_sec": 2.8810723000206053,
      "slope_change_pct": -0.9424459436827911,
      "step": 62
    },
    {
      "action": 672,
      "baimu_area_change_ha": -166.7157920306742,
      "best_cumrew": 1.9105353734954187,
      "completed_swaps": 5,
      "cont_change": 0.012256210745797969,
      "first_step_time_sec": 0.19351040001492947,
      "n_base_valid": 2378,
      "n_candidates": 50,
      "n_executable_valid": 2281,
      "n_valid": 2281,
      "reward": 0.33619821659259597,
      "rollout_time_sec": 0.935990700032562,
      "score_time_sec": 0.6704105999669991,
      "select_time_sec": 2.0912990999640897,
      "slope_change_pct": -0.949787039132915,
      "step": 63
    },
    {
      "action": 2346,
      "baimu_area_change_ha": -166.7157920306742,
      "best_cumrew": 2.1618416266836435,
      "completed_swaps": 4,
      "cont_change": 0.012052788160805239,
      "first_step_time_sec": 0.11880489997565746,
      "n_base_valid": 2378,
      "n_candidates": 50,
      "n_executable_valid": 2280,
      "n_valid": 2280,
      "reward": 0.21506605788279978,
      "rollout_time_sec": 0.5984176999772899,
      "score_time_sec": 0.6456858000019565,
      "select_time_sec": 1.7244290999951772,
      "slope_change_pct": -0.9558729305564466,
      "step": 64
    },
    {
      "action": 574,
      "baimu_area_change_ha": -165.26569014578462,
      "best_cumrew": 2.070706461726552,
      "completed_swaps": 5,
      "cont_change": 0.012815622854527309,
      "first_step_time_sec": 0.5234235000098124,
      "n_base_valid": 2378,
      "n_candidates": 50,
      "n_executable_valid": 2279,
      "n_valid": 2279,
      "reward": 5.339397850374577,
      "rollout_time_sec": 0.9852907999884337,
      "score_time_sec": 1.0988138000248,
      "select_time_sec": 3.048718000005465,
      "slope_change_pct": -0.9605699778477443,
      "step": 65
    },
    {
      "action": 22,
      "baimu_area_change_ha": -165.26569014578462,
      "best_cumrew": 1.975702390651984,
      "completed_swaps": 3,
      "cont_change": 0.012663055915782984,
      "first_step_time_sec": 0.7362228999845684,
      "n_base_valid": 2378,
      "n_candidates": 50,
      "n_executable_valid": 2279,
      "n_valid": 2279,
      "reward": 0.7188621753881932,
      "rollout_time_sec": 3.8451649000053294,
      "score_time_sec": 3.367721699993126,
      "select_time_sec": 9.516726600006223,
      "slope_change_pct": -0.9790734622147946,
      "step": 66
    },
    {
      "action": 481,
      "baimu_area_change_ha": -165.26569014578462,
      "best_cumrew": 1.9956776838136334,
      "completed_swaps": 2,
      "cont_change": 0.013120756732015959,
      "first_step_time_sec": 0.05394630000228062,
      "n_base_valid": 2377,
      "n_candidates": 50,
      "n_executable_valid": 2278,
      "n_valid": 2278,
      "reward": 0.15534414034260757,
      "rollout_time_sec": 1.7492615999653935,
      "score_time_sec": 1.9298173999995925,
      "select_time_sec": 4.225242199958302,
      "slope_change_pct": -0.9813612757763234,
      "step": 67
    },
    {
      "action": 2414,
      "baimu_area_change_ha": -165.26569014578462,
      "best_cumrew": 2.0875420958896167,
      "completed_swaps": 2,
      "cont_change": 0.012764767208279348,
      "first_step_time_sec": 0.26281300000846386,
      "n_base_valid": 2376,
      "n_candidates": 50,
      "n_executable_valid": 2277,
      "n_valid": 2277,
      "reward": 1.3121588963178428,
      "rollout_time_sec": 1.3145584000158124,
      "score_time_sec": 0.503901899966877,
      "select_time_sec": 2.298809200001415,
      "slope_change_pct": -1.015406418143075,
      "step": 68
    },
    {
      "action": 1304,
      "baimu_area_change_ha": -165.26569014578462,
      "best_cumrew": 1.9643031606748496,
      "completed_swaps": 4,
      "cont_change": 0.013069901085767999,
      "first_step_time_sec": 0.2803254000027664,
      "n_base_valid": 2376,
      "n_candidates": 50,
      "n_executable_valid": 2276,
      "n_valid": 2276,
      "reward": 0.2802890744176677,
      "rollout_time_sec": 1.0319961999775842,
      "score_time_sec": 0.5281105000176467,
      "select_time_sec": 2.0410511000081897,
      "slope_change_pct": -1.0213497850388258,
      "step": 69
    },
    {
      "action": 1101,
      "baimu_area_change_ha": -173.70394770290255,
      "best_cumrew": 1.802159509299583,
      "completed_swaps": 5,
      "cont_change": 0.013375034963256649,
      "first_step_time_sec": 0.28057750000152737,
      "n_base_valid": 2375,
      "n_candidates": 50,
      "n_executable_valid": 2275,
      "n_valid": 2275,
      "reward": -0.37119528842056115,
      "rollout_time_sec": 1.0992760000517592,
      "score_time_sec": 0.534443199983798,
      "select_time_sec": 2.359558899945114,
      "slope_change_pct": -1.0263252406791012,
      "step": 70
    },
    {
      "action": 683,
      "baimu_area_change_ha": -173.70394770290255,
      "best_cumrew": 2.1626633914425746,
      "completed_swaps": 4,
      "cont_change": 0.013120756732015959,
      "first_step_time_sec": 0.22575909999432042,
      "n_base_valid": 2375,
      "n_candidates": 50,
      "n_executable_valid": 2275,
      "n_valid": 2275,
      "reward": 0.5038856520777303,
      "rollout_time_sec": 0.7066531000309624,
      "score_time_sec": 0.5398516000132076,
      "select_time_sec": 1.9595510000362992,
      "slope_change_pct": -1.0398089319516208,
      "step": 71
    },
    {
      "action": 497,
      "baimu_area_change_ha": -173.70394770290255,
      "best_cumrew": 2.056801393770331,
      "completed_swaps": 4,
      "cont_change": 0.013171612378264363,
      "first_step_time_sec": 0.2008421000209637,
      "n_base_valid": 2375,
      "n_candidates": 50,
      "n_executable_valid": 2274,
      "n_valid": 2274,
      "reward": 0.4260663493037776,
      "rollout_time_sec": 0.8986558999749832,
      "score_time_sec": 0.8344907999853604,
      "select_time_sec": 2.137703600048553,
      "slope_change_pct": -1.050283280690099,
      "step": 72
    },
    {
      "action": 1441,
      "baimu_area_change_ha": -173.70394770290255,
      "best_cumrew": 2.366291977580894,
      "completed_swaps": 5,
      "cont_change": 0.013222468024512324,
      "first_step_time_sec": 0.04120139998849481,
      "n_base_valid": 2375,
      "n_candidates": 50,
      "n_executable_valid": 2273,
      "n_valid": 2273,
      "reward": 0.38652458274783874,
      "rollout_time_sec": 0.9802489999565296,
      "score_time_sec": 0.7306740999920294,
      "select_time_sec": 2.0854134999681264,
      "slope_change_pct": -1.0597690852646804,
      "step": 73
    },
    {
      "action": 1975,
      "baimu_area_change_ha": -173.70394770290255,
      "best_cumrew": 2.232791070160477,
      "completed_swaps": 3,
      "cont_change": 0.013171612378264363,
      "first_step_time_sec": 0.08159139996860176,
      "n_base_valid": 2375,
      "n_candidates": 50,
      "n_executable_valid": 2272,
      "n_valid": 2272,
      "reward": 0.4069887737722127,
      "rollout_time_sec": 1.060897000017576,
      "score_time_sec": 0.591935700038448,
      "select_time_sec": 1.9405033000512049,
      "slope_change_pct": -1.0701211146031002,
      "step": 74
    },
    {
      "action": 549,
      "baimu_area_change_ha": -184.055980603081,
      "best_cumrew": 2.1182605917686868,
      "completed_swaps": 2,
      "cont_change": 0.012968189793271634,
      "first_step_time_sec": 0.480879399983678,
      "n_base_valid": 2375,
      "n_candidates": 50,
      "n_executable_valid": 2271,
      "n_valid": 2271,
      "reward": -1.509658347411242,
      "rollout_time_sec": 1.5494090000283904,
      "score_time_sec": 0.6586648999946192,
      "select_time_sec": 3.3973155000130646,
      "slope_change_pct": -1.0518824487950718,
      "step": 75
    },
    {
      "action": 2323,
      "baimu_area_change_ha": -184.055980603081,
      "best_cumrew": 2.0228227798826697,
      "completed_swaps": 4,
      "cont_change": 0.013324179317008689,
      "first_step_time_sec": 1.156764800020028,
      "n_base_valid": 2374,
      "n_candidates": 50,
      "n_executable_valid": 2270,
      "n_valid": 2270,
      "reward": 0.24365312940128983,
      "rollout_time_sec": 5.40390999999363,
      "score_time_sec": 5.880063400021754,
      "select_time_sec": 14.099703999992926,
      "slope_change_pct": -1.0567326070712968,
      "step": 76
    },
    {
      "action": 1079,
      "baimu_area_change_ha": -184.055980603081,
      "best_cumrew": 1.966386889981005,
      "completed_swaps": 3,
      "cont_change": 0.013222468024512324,
      "first_step_time_sec": 1.507501600019168,
      "n_base_valid": 2374,
      "n_candidates": 50,
      "n_executable_valid": 2269,
      "n_valid": 2269,
      "reward": 0.4328625933087498,
      "rollout_time_sec": 2.7619877999532036,
      "score_time_sec": 2.107630099984817,
      "select_time_sec": 7.207691099960357,
      "slope_change_pct": -1.0679087918922465,
      "step": 77
    },
    {
      "action": 1849,
      "baimu_area_change_ha": -184.055980603081,
      "best_cumrew": 2.1608001716977703,
      "completed_swaps": 5,
      "cont_change": 0.013578457548248934,
      "first_step_time_sec": 0.1401727999909781,
      "n_base_valid": 2374,
      "n_candidates": 50,
      "n_executable_valid": 2268,
      "n_valid": 2268,
      "reward": 0.41926896282098497,
      "rollout_time_sec": 1.0018714999896474,
      "score_time_sec": 0.9959941999986768,
      "select_time_sec": 2.654000199981965,
      "slope_change_pct": -1.0771493460039654,
      "step": 78
    },
    {
      "action": 965,
      "baimu_area_change_ha": -184.055980603081,
      "best_cumrew": 1.8109273982071539,
      "completed_swaps": 5,
      "cont_change": 0.014087014010730314,
      "first_step_time_sec": 0.03305939998244867,
      "n_base_valid": 2374,
      "n_candidates": 50,
      "n_executable_valid": 2267,
      "n_valid": 2267,
      "reward": 0.3058728379240025,
      "rollout_time_sec": 1.7123224000097252,
      "score_time_sec": 1.1304753000149503,
      "select_time_sec": 3.303010199975688,
      "slope_change_pct": -1.0830230670109129,
      "step": 79
    },
    {
      "action": 2236,
      "baimu_area_change_ha": -168.63920230615736,
      "best_cumrew": 2.1387975306815976,
      "completed_swaps": 2,
      "cont_change": 0.01561268339817401,
      "first_step_time_sec": 0.7812450000201352,
      "n_base_valid": 2374,
      "n_candidates": 50,
      "n_executable_valid": 2267,
      "n_valid": 2267,
      "reward": 0.7912002159364911,
      "rollout_time_sec": 1.642688799998723,
      "score_time_sec": 0.8798809999716468,
      "select_time_sec": 3.5671187000116333,
      "slope_change_pct": -1.08548877709864,
      "step": 80
    },
    {
      "action": 968,
      "baimu_area_change_ha": -168.63920230615736,
      "best_cumrew": 1.9023132571512726,
      "completed_swaps": 3,
      "cont_change": 0.017087497139369745,
      "first_step_time_sec": 0.4337121000280604,
      "n_base_valid": 2373,
      "n_candidates": 50,
      "n_executable_valid": 2266,
      "n_valid": 2266,
      "reward": 0.2524021185106693,
      "rollout_time_sec": 1.5184440000448376,
      "score_time_sec": 0.4751109999488108,
      "select_time_sec": 3.0051842000102624,
      "slope_change_pct": -1.0866568402320649,
      "step": 81
    },
    {
      "action": 990,
      "baimu_area_change_ha": -168.63920230615736,
      "best_cumrew": 2.3059688054747083,
      "completed_swaps": 2,
      "cont_change": 0.01662979632313677,
      "first_step_time_sec": 0.15057130000786856,
      "n_base_valid": 2372,
      "n_candidates": 50,
      "n_executable_valid": 2265,
      "n_valid": 2265,
      "reward": 0.16388745375324004,
      "rollout_time_sec": 1.0535392999881878,
      "score_time_sec": 0.9300055999774486,
      "select_time_sec": 2.3484956999891438,
      "slope_change_pct": -1.0923498165229324,
      "step": 82
    },
    {
      "action": 515,
      "baimu_area_change_ha": -168.63920230615736,
      "best_cumrew": 2.2898961824172996,
      "completed_swaps": 4,
      "cont_change": 0.01688407455437746,
      "first_step_time_sec": 0.25860100000863895,
      "n_base_valid": 2372,
      "n_candidates": 50,
      "n_executable_valid": 2264,
      "n_valid": 2264,
      "reward": 0.24814017780835115,
      "rollout_time_sec": 0.7271409999812022,
      "score_time_sec": 0.42023540002992377,
      "select_time_sec": 1.9668329999549314,
      "slope_change_pct": -1.0976667709975647,
      "step": 83
    },
    {
      "action": 959,
      "baimu_area_change_ha": -168.63920230615736,
      "best_cumrew": 1.8913747273498434,
      "completed_swaps": 3,
      "cont_change": 0.01668065196938473,
      "first_step_time_sec": 1.7456909999600612,
      "n_base_valid": 2372,
      "n_candidates": 50,
      "n_executable_valid": 2263,
      "n_valid": 2263,
      "reward": 0.6209584614411575,
      "rollout_time_sec": 3.0482236999669112,
      "score_time_sec": 1.831894899951294,
      "select_time_sec": 8.070460000017192,
      "slope_change_pct": -1.1138999725100553,
      "step": 84
    },
    {
      "action": 1635,
      "baimu_area_change_ha": -171.54001855530143,
      "best_cumrew": 2.0615432197447454,
      "completed_swaps": 5,
      "cont_change": 0.01668065196938473,
      "first_step_time_sec": 0.7453735999879427,
      "n_base_valid": 2372,
      "n_candidates": 50,
      "n_executable_valid": 2262,
      "n_valid": 2262,
      "reward": 0.03819271048474884,
      "rollout_time_sec": 3.3525054000201635,
      "score_time_sec": 1.7588026999728754,
      "select_time_sec": 6.665717099967878,
      "slope_change_pct": -1.1201210644580708,
      "step": 85
    },
    {
      "action": 847,
      "baimu_area_change_ha": -171.54001855530143,
      "best_cumrew": 1.9915582699654182,
      "completed_swaps": 5,
      "cont_change": 0.01688407455437746,
      "first_step_time_sec": 0.7408902000170201,
      "n_base_valid": 2372,
      "n_candidates": 50,
      "n_executable_valid": 2261,
      "n_valid": 2261,
      "reward": 0.421422313232598,
      "rollout_time_sec": 2.0827037999988534,
      "score_time_sec": 2.9153097000089474,
      "select_time_sec": 6.509308399981819,
      "slope_change_pct": -1.1299473823124242,
      "step": 86
    },
    {
      "action": 1135,
      "baimu_area_change_ha": -171.54001855530143,
      "best_cumrew": 1.929607278560012,
      "completed_swaps": 5,
      "cont_change": 0.01779947618684341,
      "first_step_time_sec": 1.0907682999968529,
      "n_base_valid": 2372,
      "n_candidates": 50,
      "n_executable_valid": 2261,
      "n_valid": 2261,
      "reward": 0.27638332827963485,
      "rollout_time_sec": 2.570792699989397,
      "score_time_sec": 1.757363600016106,
      "select_time_sec": 6.76425929996185,
      "slope_change_pct": -1.133665385625342,
      "step": 87
    },
    {
      "action": 1688,
      "baimu_area_change_ha": -171.54001855530143,
      "best_cumrew": 2.0520120110789963,
      "completed_swaps": 5,
      "cont_change": 0.01810461006433206,
      "first_step_time_sec": 0.35758070001611486,
      "n_base_valid": 2372,
      "n_candidates": 50,
      "n_executable_valid": 2261,
      "n_valid": 2261,
      "reward": 1.6184793374140851,
      "rollout_time_sec": 2.4643567000166513,
      "score_time_sec": 1.0826182999880984,
      "select_time_sec": 4.802322000032291,
      "slope_change_pct": -1.1730635090960033,
      "step": 88
    },
    {
      "action": 2364,
      "baimu_area_change_ha": -171.54001855530143,
      "best_cumrew": 2.153304442777611,
      "completed_swaps": 4,
      "cont_change": 0.01835888829557275,
      "first_step_time_sec": 0.4965146000031382,
      "n_base_valid": 2372,
      "n_candidates": 50,
      "n_executable_valid": 2261,
      "n_valid": 2261,
      "reward": 0.29024384912109863,
      "rollout_time_sec": 1.2415443999925628,
      "score_time_sec": 0.7778875000076368,
      "select_time_sec": 3.1088937999447808,
      "slope_change_pct": -1.1794330553534544,
      "step": 89
    },
    {
      "action": 2478,
      "baimu_area_change_ha": -182.933724244833,
      "best_cumrew": 1.8211533865154066,
      "completed_swaps": 3,
      "cont_change": 0.019020011696798456,
      "first_step_time_sec": 0.4083206999930553,
      "n_base_valid": 2371,
      "n_candidates": 50,
      "n_executable_valid": 2260,
      "n_valid": 2260,
      "reward": -0.49924052812073033,
      "rollout_time_sec": 1.4356207000091672,
      "score_time_sec": 1.4417610000236891,
      "select_time_sec": 3.6986131999874488,
      "slope_change_pct": -1.185331665442111,
      "step": 90
    },
    {
      "action": 8,
      "baimu_area_change_ha": -182.933724244833,
      "best_cumrew": 2.29623498061695,
      "completed_swaps": 3,
      "cont_change": 0.019020011696798456,
      "first_step_time_sec": 0.29672690003644675,
      "n_base_valid": 2371,
      "n_candidates": 50,
      "n_executable_valid": 2259,
      "n_valid": 2259,
      "reward": 0.4426177799247767,
      "rollout_time_sec": 1.4730522999889217,
      "score_time_sec": 1.2646356000332162,
      "select_time_sec": 3.4171259000431746,
      "slope_change_pct": -1.1963971099402304,
      "step": 91
    },
    {
      "action": 2404,
      "baimu_area_change_ha": -182.933724244833,
      "best_cumrew": 2.0266381866614918,
      "completed_swaps": 4,
      "cont_change": 0.019020011696798456,
      "first_step_time_sec": 0.3269234000472352,
      "n_base_valid": 2371,
      "n_candidates": 50,
      "n_executable_valid": 2258,
      "n_valid": 2258,
      "reward": 0.12122771963421605,
      "rollout_time_sec": 1.5397347999969497,
      "score_time_sec": 1.088840699987486,
      "select_time_sec": 3.3584315000334755,
      "slope_change_pct": -1.1994278029310859,
      "step": 92
    },
    {
      "action": 1836,
      "baimu_area_change_ha": -182.933724244833,
      "best_cumrew": 2.1368490428058653,
      "completed_swaps": 5,
      "cont_change": 0.01937600122053551,
      "first_step_time_sec": 0.7236650999984704,
      "n_base_valid": 2371,
      "n_candidates": 50,
      "n_executable_valid": 2257,
      "n_valid": 2257,
      "reward": 0.4372412592010956,
      "rollout_time_sec": 4.022789100010414,
      "score_time_sec": 0.8034406000515446,
      "select_time_sec": 5.828625899972394,
      "slope_change_pct": -1.209117664452306,
      "step": 93
    },
    {
      "action": 1174,
      "baimu_area_change_ha": -182.933724244833,
      "best_cumrew": 1.8965302245619435,
      "completed_swaps": 5,
      "cont_change": 0.019782846390520525,
      "first_step_time_sec": 0.6207695999764837,
      "n_base_valid": 2371,
      "n_candidates": 50,
      "n_executable_valid": 2257,
      "n_valid": 2257,
      "reward": 0.39135532312661253,
      "rollout_time_sec": 1.34647709998535,
      "score_time_sec": 1.6243427000008523,
      "select_time_sec": 4.79224769998109,
      "slope_change_pct": -1.2174830675775496,
      "step": 94
    },
    {
      "action": 2275,
      "baimu_area_change_ha": -198.63988313798308,
      "best_cumrew": 1.9163825431297936,
      "completed_swaps": 5,
      "cont_change": 0.019528568159279835,
      "first_step_time_sec": 1.0755904999678023,
      "n_base_valid": 2371,
      "n_candidates": 50,
      "n_executable_valid": 2257,
      "n_valid": 2257,
      "reward": -0.6919701203532385,
      "rollout_time_sec": 2.9989154000068083,
      "score_time_sec": 1.1619367999956012,
      "select_time_sec": 6.314873400027864,
      "slope_change_pct": -1.22958404208195,
      "step": 95
    },
    {
      "action": 1434,
      "baimu_area_change_ha": -198.63988313798308,
      "best_cumrew": 1.972753921094065,
      "completed_swaps": 3,
      "cont_change": 0.01973199074427212,
      "first_step_time_sec": 0.2446390999830328,
      "n_base_valid": 2370,
      "n_candidates": 50,
      "n_executable_valid": 2256,
      "n_valid": 2256,
      "reward": 0.6992040429352313,
      "rollout_time_sec": 1.1762866000062786,
      "score_time_sec": 1.5195368999848142,
      "select_time_sec": 3.3998024000320584,
      "slope_change_pct": -1.2463549031788705,
      "step": 96
    },
    {
      "action": 2246,
      "baimu_area_change_ha": -198.63988313798308,
      "best_cumrew": 2.0475656811405853,
      "completed_swaps": 2,
      "cont_change": 0.01973199074427212,
      "first_step_time_sec": 0.24121549999108538,
      "n_base_valid": 2370,
      "n_candidates": 50,
      "n_executable_valid": 2255,
      "n_valid": 2255,
      "reward": 0.2655428407768745,
      "rollout_time_sec": 0.9184946999885142,
      "score_time_sec": 0.6265340999816544,
      "select_time_sec": 2.4529294000240043,
      "slope_change_pct": -1.2529934741982924,
      "step": 97
    },
    {
      "action": 1900,
      "baimu_area_change_ha": -198.63988313798308,
      "best_cumrew": 2.041957403285208,
      "completed_swaps": 5,
      "cont_change": 0.01968113509802416,
      "first_step_time_sec": 0.07464090001303703,
      "n_base_valid": 2370,
      "n_candidates": 50,
      "n_executable_valid": 2254,
      "n_valid": 2254,
      "reward": 0.09964871813411186,
      "rollout_time_sec": 1.3608995999675244,
      "score_time_sec": 0.6768445000052452,
      "select_time_sec": 2.6212474000058137,
      "slope_change_pct": -1.2556620021457598,
      "step": 98
    },
    {
      "action": 815,
      "baimu_area_change_ha": -198.63988313798308,
      "best_cumrew": 1.749313140928401,
      "completed_swaps": 5,
      "cont_change": 0.020342258499249866,
      "first_step_time_sec": 0.6002242999966256,
      "n_base_valid": 2370,
      "n_candidates": 50,
      "n_executable_valid": 2253,
      "n_valid": 2253,
      "reward": 0.5264707352881587,
      "rollout_time_sec": 1.9299533000448719,
      "score_time_sec": 1.3130176999839023,
      "select_time_sec": 4.1350125999888405,
      "slope_change_pct": -1.2665187406044658,
      "step": 99
    },
    {
      "action": 1574,
      "baimu_area_change_ha": -201.09771342298387,
      "best_cumrew": 2.073419775894738,
      "completed_swaps": 4,
      "cont_change": 0.02049482543799419,
      "first_step_time_sec": 0.1474247999722138,
      "n_base_valid": 2370,
      "n_candidates": 50,
      "n_executable_valid": 2253,
      "n_valid": 2253,
      "reward": 0.03165647189397826,
      "rollout_time_sec": 0.9850625999970362,
      "score_time_sec": 0.8347591999918222,
      "select_time_sec": 2.288003200024832,
      "slope_change_pct": -1.27124027967216,
      "step": 100
    }
  ],
  "steps_run": 100,
  "terminated": true,
  "top_k": 50,
  "total_reward": 68.04568997812501,
  "truncated": false
}
